[debug] [2026-08-12T18:50:55.569Z] ----------------------------------------------------------------------
[debug] [2026-08-12T18:50:55.592Z] Command:       C:\Program Files\nodejs\node.exe C:\Users\laksh\AppData\Local\npm-cache\_npx\7750544ccf494d8b\node_modules\firebase-tools\lib\bin\firebase.js deploy --only hosting
[debug] [2026-08-12T18:50:55.596Z] CLI Version:   15.26.0
[debug] [2026-08-12T18:50:55.597Z] Platform:      win32
[debug] [2026-08-12T18:50:55.598Z] Node Version:  v22.19.0
[debug] [2026-08-12T18:50:55.599Z] Detected Agent: antigravity
[debug] [2026-08-12T18:50:55.601Z] Time:          Thu Aug 13 2026 00:20:55 GMT+0530 (India Standard Time)
[debug] [2026-08-12T18:50:55.601Z] ----------------------------------------------------------------------
[debug] 
[debug] [2026-08-12T18:50:55.657Z] >>> [apiv2][query] GET https://firebase-public.firebaseio.com/cli.json [none]
[debug] [2026-08-12T18:52:30.517Z] > command requires scopes: ["email","openid","https://www.googleapis.com/auth/cloudplatformprojects.readonly","https://www.googleapis.com/auth/firebase","https://www.googleapis.com/auth/cloud-platform"]
[debug] [2026-08-12T18:52:30.699Z] Error: Could not load the default credentials. Browse to https://cloud.google.com/docs/authentication/getting-started for more information.
    at GoogleAuth.getApplicationDefaultAsync (C:\Users\laksh\AppData\Local\npm-cache\_npx\7750544ccf494d8b\node_modules\google-auth-library\build\src\auth\googleauth.js:287:15)
    at process.processTicksAndRejections (node:internal/process/task_queues:105:5)
    at async GoogleAuth._GoogleAuth_determineClient (C:\Users\laksh\AppData\Local\npm-cache\_npx\7750544ccf494d8b\node_modules\google-auth-library\build\src\auth\googleauth.js:834:32)
    at async GoogleAuth.getClient (C:\Users\laksh\AppData\Local\npm-cache\_npx\7750544ccf494d8b\node_modules\google-auth-library\build\src\auth\googleauth.js:698:20)
    at async GoogleAuth.getAccessToken (C:\Users\laksh\AppData\Local\npm-cache\_npx\7750544ccf494d8b\node_modules\google-auth-library\build\src\auth\googleauth.js:722:24)
    at async autoAuth (C:\Users\laksh\AppData\Local\npm-cache\_npx\7750544ccf494d8b\node_modules\firebase-tools\lib\requireAuth.js:38:19)
    at async requireAuth (C:\Users\laksh\AppData\Local\npm-cache\_npx\7750544ccf494d8b\node_modules\firebase-tools\lib\requireAuth.js:100:20)
    at async requirePermissions (C:\Users\laksh\AppData\Local\npm-cache\_npx\7750544ccf494d8b\node_modules\firebase-tools\lib\requirePermissions.js:12:5)
    at async C:\Users\laksh\AppData\Local\npm-cache\_npx\7750544ccf494d8b\node_modules\firebase-tools\lib\command.js:278:17
[error] 
[error] Error: Failed to authenticate, have you run firebase login?
[debug] [2026-08-12T18:52:30.966Z] Error: EBUSY: resource busy or locked, unlink 'C:\Users\laksh\OneDrive\Desktop\velvet\firebase-debug.log'
    at Object.unlinkSync (node:fs:1952:11)
    at process.<anonymous> (C:\Users\laksh\AppData\Local\npm-cache\_npx\7750544ccf494d8b\node_modules\firebase-tools\lib\bin\cli.js:74:16)
    at process.emit (node:events:531:35)
    at process.exit (node:internal/process/per_thread:240:15)
    at Timeout._onTimeout (C:\Users\laksh\AppData\Local\npm-cache\_npx\7750544ccf494d8b\node_modules\firebase-tools\lib\errorOut.js:20:17)
    at listOnTimeout (node:internal/timers:588:17)
    at process.processTimers (node:internal/timers:523:7)
[error] 
[error] Error: An unexpected error has occurred.
